---
source: tests/cli_help.rs
expression: stdout
---
Generate render prompts (emits prompts only, no output files)

Usage: mf render [OPTIONS] [ARTICLE] [COMMAND]

Commands:
  template  Manage render templates

Arguments:
  [ARTICLE]
          Article name to render

Options:
      --root <PATH>
          Mind Repo root directory

      --template <TEMPLATE>
          Render template name

      --config <PATH>
          Config file path

      --html-form <HTML_FORM>
          HTML output form (document or fragment)

          Possible values:
          - document: Full HTML document with `<html>`, `<head>`, and `<body>`
          - fragment: Embeddable HTML fragment without outer document structure

  -v, --verbose...
          Verbose output

  -q, --quiet
          Silence non-error output

      --format <FORMAT>
          Output format
          
          [default: text]
          [possible values: text, json]

      --json
          Shorthand for --format json

      --no-color
          Disable colored output

  -p, --project <NAME>
          Project name for project-scoped operations

      --install-completion <INSTALL_COMPLETION>
          Install shell completion script
          
          [possible values: bash, zsh, fish, powershell, elvish]

      --show-completion <SHOW_COMPLETION>
          Show shell completion script
          
          [possible values: bash, zsh, fish, powershell, elvish]

  -h, --help
          Print help (see a summary with '-h')

  -V, --version
          Print version
