---
source: tests/cli_help.rs
assertion_line: 109
expression: stdout
---
List sources

Usage: mf source list [OPTIONS]

Options:
      --filter <FILTER>    
      --root <PATH>        Mind Repo root directory
      --config <PATH>      Config file path
      --type <KIND>        [possible values: auto, pdf, file, rss, web]
      --project <PROJECT>  
  -v, --verbose...         Verbose output
  -q, --quiet              Silence non-error output
      --format <FORMAT>    Output format [default: text] [possible values: text, json]
      --no-color           Disable colored output
  -h, --help               Print help
  -V, --version            Print version
