---
source: tests/cli_help.rs
assertion_line: 46
expression: stdout
---
Manage configuration

Usage: mf config [OPTIONS] [COMMAND]

Commands:
  schema  Show config schema
  show    Show effective config
  init    Initialize config file

Options:
      --config <PATH>    
  -v, --verbose...       
  -q, --quiet            
      --format <FORMAT>  [default: text] [possible values: text, json]
      --no-color         
  -h, --help             Print help
  -V, --version          Print version
