---
source: tests/cli_help.rs
expression: stdout
---
Update assets

Usage: mf asset update [OPTIONS] [PATH]

Arguments:
  [PATH]  

Options:
      --root <PATH>        Mind Repo root directory
      --set-url <SET_URL>  
      --channel <CHANNEL>  
      --config <PATH>      Config file path
      --all                
  -v, --verbose...         Verbose output
      --dry-run            Preview changes without writing
  -q, --quiet              Silence non-error output
      --format <FORMAT>    Output format [default: text] [possible values: text, json]
      --json               Shorthand for --format json
      --no-color           Disable colored output
  -p, --project <NAME>     Project name for project-scoped operations
  -h, --help               Print help
  -V, --version            Print version
