---
source: tests/cli_help.rs
assertion_line: 146
expression: stdout
---
Manage terminology

Usage: mf term [OPTIONS] [COMMAND]

Commands:
  list   List terms
  new    Create a term
  lint   Lint term consistency in project docs
  learn  Learn a term correction
  fix    Fix a term metadata

Options:
      --root <PATH>      Mind Repo root directory
      --config <PATH>    Config file path
  -v, --verbose...       Verbose output
  -q, --quiet            Silence non-error output
      --format <FORMAT>  Output format [default: text] [possible values: text, json]
      --no-color         Disable colored output
  -h, --help             Print help
  -V, --version          Print version
