---
source: tests/cli_help.rs
assertion_line: 74
expression: stdout
---
Add an asset

Usage: mf asset add [OPTIONS] <PATH>

Arguments:
  <PATH>  

Options:
      --root <PATH>        Mind Repo root directory
      --tag <TAG>          
      --config <PATH>      Config file path
      --copy               
      --link               
  -v, --verbose...         Verbose output
      --force              
  -q, --quiet              Silence non-error output
      --format <FORMAT>    Output format [default: text] [possible values: text, json]
      --project <PROJECT>  
      --no-color           Disable colored output
  -h, --help               Print help
  -V, --version            Print version
