---
source: tests/cli_help.rs
assertion_line: 152
expression: stdout
---
Create a term (mf extension)

Usage: mf term new [OPTIONS] <TERM>

Arguments:
  <TERM>  

Options:
      --definition <DEFINITION>
          
      --root <PATH>
          Mind Repo root directory
      --alias <ALIAS>
          
      --config <PATH>
          Config file path
      --tag <TAG>
          
  -v, --verbose...
          Verbose output
      --misrecognition <MISRECOGNITION>
          
  -q, --quiet
          Silence non-error output
      --format <FORMAT>
          Output format [default: text] [possible values: text, json]
  -p, --project <PROJECT>
          
      --json
          Shorthand for --format json
      --no-color
          Disable colored output
      --install-completion <INSTALL_COMPLETION>
          Install shell completion script [possible values: bash, zsh, fish, powershell, elvish]
      --show-completion <SHOW_COMPLETION>
          Show shell completion script [possible values: bash, zsh, fish, powershell, elvish]
  -h, --help
          Print help
  -V, --version
          Print version
