---
source: tests/cli_help.rs
expression: stdout
---
Apply term corrections to documents (alias of `term lint --fix`)

Usage: mf term fix [OPTIONS] [PATH]

Arguments:
  [PATH]  

Options:
      --article <ARTICLE>  Target a specific article by slug or title
      --root <PATH>        Mind Repo root directory
      --config <PATH>      Config file path
      --term <NAME>        Only apply/scan corrections for the named term(s) (repeatable, exact
                           name)
      --fix                Auto-fix issues that have a fixer
  -v, --verbose...         Verbose output
  -q, --quiet              Silence non-error output
      --rule <RULE>        Restrict to a specific lint rule kind
  -o, --output <FORMAT>    Output format [default: text] [possible values: text, json]
      --severity <LEVEL>   Only emit issues at or above this severity (error|warning|info)
      --json               Shorthand for --output json
      --max-warnings <N>   Exit 1 when warnings exceed this count
      --dry-run            Preview fixes without writing (only with --fix)
      --no-color           Disable colored output
      --include-suggested  Apply all corrections including suggested
  -p, --project <NAME>     Project name for project-scoped operations
  -y, --yes                Skip interactive confirmation prompt
  -h, --help               Print help
  -V, --version            Print version
